// Jest Snapshot v1, https://goo.gl/fbAQLP

exports[`pgfy the whole dmmf is passed Generates PGEnum, PGObject and PGInputFactory based on the Prisma schema 1`] = `
Object {
  "enums": Object {
    "SomeEnum": Object {
      "kind": "enum",
      "name": "SomeEnum",
      "values": Array [
        "AAA",
        "BBB",
        "CCC",
      ],
    },
    "SomeEnum2": Object {
      "kind": "enum",
      "name": "SomeEnum2",
      "values": Array [
        "Aaa",
        "Bbb",
        "Ccc",
      ],
    },
    "SomeEnum3": Object {
      "kind": "enum",
      "name": "SomeEnum3",
      "values": Array [
        "aaa",
        "bbb",
        "ccc",
      ],
    },
  },
  "inputs": Object {
    "aggregateModel1": Object {
      "build": [Function],
      "default": [Function],
      "edit": [Function],
      "list": [Function],
      "nullable": [Function],
      "nullish": [Function],
      "optional": [Function],
      "validation": [Function],
      "value": Object {
        "fieldMap": Object {
          "cursor": [Function],
          "orderBy": Object {
            "select": [Function],
            "value": Object {
              "factoryMap": Object {
                "Model1OrderByWithRelationInput": [Function],
                "Model1OrderByWithRelationInputList": [Function],
                "__default": [Function],
              },
            },
          },
          "skip": Object {
            "__type": undefined,
            "default": [Function],
            "list": [Function],
            "nullable": [Function],
            "nullish": [Function],
            "optional": [Function],
            "validation": [Function],
            "value": Object {
              "isList": false,
              "isNullable": false,
              "isOptional": true,
              "kind": "scalar",
              "type": "int",
            },
          },
          "take": Object {
            "__type": undefined,
            "default": [Function],
            "list": [Function],
            "nullable": [Function],
            "nullish": [Function],
            "optional": [Function],
            "validation": [Function],
            "value": Object {
              "isList": false,
              "isNullable": false,
              "isOptional": true,
              "kind": "scalar",
              "type": "int",
            },
          },
          "where": [Function],
        },
        "isList": false,
        "isNullable": false,
        "isOptional": false,
        "kind": "object",
        "type": [Function],
      },
    },
    "aggregateModel2": Object {
      "build": [Function],
      "default": [Function],
      "edit": [Function],
      "list": [Function],
      "nullable": [Function],
      "nullish": [Function],
      "optional": [Function],
      "validation": [Function],
      "value": Object {
        "fieldMap": Object {
          "cursor": [Function],
          "orderBy": Object {
            "select": [Function],
            "value": Object {
              "factoryMap": Object {
                "Model2OrderByWithRelationInput": [Function],
                "Model2OrderByWithRelationInputList": [Function],
                "__default": [Function],
              },
            },
          },
          "skip": Object {
            "__type": undefined,
            "default": [Function],
            "list": [Function],
            "nullable": [Function],
            "nullish": [Function],
            "optional": [Function],
            "validation": [Function],
            "value": Object {
              "isList": false,
              "isNullable": false,
              "isOptional": true,
              "kind": "scalar",
              "type": "int",
            },
          },
          "take": Object {
            "__type": undefined,
            "default": [Function],
            "list": [Function],
            "nullable": [Function],
            "nullish": [Function],
            "optional": [Function],
            "validation": [Function],
            "value": Object {
              "isList": false,
              "isNullable": false,
              "isOptional": true,
              "kind": "scalar",
              "type": "int",
            },
          },
          "where": [Function],
        },
        "isList": false,
        "isNullable": false,
        "isOptional": false,
        "kind": "object",
        "type": [Function],
      },
    },
    "aggregateModel3": Object {
      "build": [Function],
      "default": [Function],
      "edit": [Function],
      "list": [Function],
      "nullable": [Function],
      "nullish": [Function],
      "optional": [Function],
      "validation": [Function],
      "value": Object {
        "fieldMap": Object {
          "cursor": [Function],
          "orderBy": Object {
            "select": [Function],
            "value": Object {
              "factoryMap": Object {
                "Model3OrderByWithRelationInput": [Function],
                "Model3OrderByWithRelationInputList": [Function],
                "__default": [Function],
              },
            },
          },
          "skip": Object {
            "__type": undefined,
            "default": [Function],
            "list": [Function],
            "nullable": [Function],
            "nullish": [Function],
            "optional": [Function],
            "validation": [Function],
            "value": Object {
              "isList": false,
              "isNullable": false,
              "isOptional": true,
              "kind": "scalar",
              "type": "int",
            },
          },
          "take": Object {
            "__type": undefined,
            "default": [Function],
            "list": [Function],
            "nullable": [Function],
            "nullish": [Function],
            "optional": [Function],
            "validation": [Function],
            "value": Object {
              "isList": false,
              "isNullable": false,
              "isOptional": true,
              "kind": "scalar",
              "type": "int",
            },
          },
          "where": [Function],
        },
        "isList": false,
        "isNullable": false,
        "isOptional": false,
        "kind": "object",
        "type": [Function],
      },
    },
    "createManyModel1": Object {
      "build": [Function],
      "default": [Function],
      "edit": [Function],
      "list": [Function],
      "nullable": [Function],
      "nullish": [Function],
      "optional": [Function],
      "validation": [Function],
      "value": Object {
        "fieldMap": Object {
          "data": [Function],
          "skipDuplicates": Object {
            "__type": undefined,
            "default": [Function],
            "list": [Function],
            "nullable": [Function],
            "nullish": [Function],
            "optional": [Function],
            "validation": [Function],
            "value": Object {
              "isList": false,
              "isNullable": false,
              "isOptional": true,
              "kind": "scalar",
              "type": "boolean",
            },
          },
        },
        "isList": false,
        "isNullable": false,
        "isOptional": false,
        "kind": "object",
        "type": [Function],
      },
    },
    "createManyModel2": Object {
      "build": [Function],
      "default": [Function],
      "edit": [Function],
      "list": [Function],
      "nullable": [Function],
      "nullish": [Function],
      "optional": [Function],
      "validation": [Function],
      "value": Object {
        "fieldMap": Object {
          "data": [Function],
          "skipDuplicates": Object {
            "__type": undefined,
            "default": [Function],
            "list": [Function],
            "nullable": [Function],
            "nullish": [Function],
            "optional": [Function],
            "validation": [Function],
            "value": Object {
              "isList": false,
              "isNullable": false,
              "isOptional": true,
              "kind": "scalar",
              "type": "boolean",
            },
          },
        },
        "isList": false,
        "isNullable": false,
        "isOptional": false,
        "kind": "object",
        "type": [Function],
      },
    },
    "createManyModel3": Object {
      "build": [Function],
      "default": [Function],
      "edit": [Function],
      "list": [Function],
      "nullable": [Function],
      "nullish": [Function],
      "optional": [Function],
      "validation": [Function],
      "value": Object {
        "fieldMap": Object {
          "data": [Function],
          "skipDuplicates": Object {
            "__type": undefined,
            "default": [Function],
            "list": [Function],
            "nullable": [Function],
            "nullish": [Function],
            "optional": [Function],
            "validation": [Function],
            "value": Object {
              "isList": false,
              "isNullable": false,
              "isOptional": true,
              "kind": "scalar",
              "type": "boolean",
            },
          },
        },
        "isList": false,
        "isNullable": false,
        "isOptional": false,
        "kind": "object",
        "type": [Function],
      },
    },
    "createOneModel1": Object {
      "build": [Function],
      "default": [Function],
      "edit": [Function],
      "list": [Function],
      "nullable": [Function],
      "nullish": [Function],
      "optional": [Function],
      "validation": [Function],
      "value": Object {
        "fieldMap": Object {
          "data": Object {
            "select": [Function],
            "value": Object {
              "factoryMap": Object {
                "Model1CreateInput": [Function],
                "Model1UncheckedCreateInput": [Function],
                "__default": [Function],
              },
            },
          },
        },
        "isList": false,
        "isNullable": false,
        "isOptional": false,
        "kind": "object",
        "type": [Function],
      },
    },
    "createOneModel2": Object {
      "build": [Function],
      "default": [Function],
      "edit": [Function],
      "list": [Function],
      "nullable": [Function],
      "nullish": [Function],
      "optional": [Function],
      "validation": [Function],
      "value": Object {
        "fieldMap": Object {
          "data": Object {
            "select": [Function],
            "value": Object {
              "factoryMap": Object {
                "Model2CreateInput": [Function],
                "Model2UncheckedCreateInput": [Function],
                "__default": [Function],
              },
            },
          },
        },
        "isList": false,
        "isNullable": false,
        "isOptional": false,
        "kind": "object",
        "type": [Function],
      },
    },
    "createOneModel3": Object {
      "build": [Function],
      "default": [Function],
      "edit": [Function],
      "list": [Function],
      "nullable": [Function],
      "nullish": [Function],
      "optional": [Function],
      "validation": [Function],
      "value": Object {
        "fieldMap": Object {
          "data": Object {
            "select": [Function],
            "value": Object {
              "factoryMap": Object {
                "Model3CreateInput": [Function],
                "Model3UncheckedCreateInput": [Function],
                "__default": [Function],
              },
            },
          },
        },
        "isList": false,
        "isNullable": false,
        "isOptional": false,
        "kind": "object",
        "type": [Function],
      },
    },
    "deleteManyModel1": Object {
      "build": [Function],
      "default": [Function],
      "edit": [Function],
      "list": [Function],
      "nullable": [Function],
      "nullish": [Function],
      "optional": [Function],
      "validation": [Function],
      "value": Object {
        "fieldMap": Object {
          "where": [Function],
        },
        "isList": false,
        "isNullable": false,
        "isOptional": false,
        "kind": "object",
        "type": [Function],
      },
    },
    "deleteManyModel2": Object {
      "build": [Function],
      "default": [Function],
      "edit": [Function],
      "list": [Function],
      "nullable": [Function],
      "nullish": [Function],
      "optional": [Function],
      "validation": [Function],
      "value": Object {
        "fieldMap": Object {
          "where": [Function],
        },
        "isList": false,
        "isNullable": false,
        "isOptional": false,
        "kind": "object",
        "type": [Function],
      },
    },
    "deleteManyModel3": Object {
      "build": [Function],
      "default": [Function],
      "edit": [Function],
      "list": [Function],
      "nullable": [Function],
      "nullish": [Function],
      "optional": [Function],
      "validation": [Function],
      "value": Object {
        "fieldMap": Object {
          "where": [Function],
        },
        "isList": false,
        "isNullable": false,
        "isOptional": false,
        "kind": "object",
        "type": [Function],
      },
    },
    "deleteOneModel1": Object {
      "build": [Function],
      "default": [Function],
      "edit": [Function],
      "list": [Function],
      "nullable": [Function],
      "nullish": [Function],
      "optional": [Function],
      "validation": [Function],
      "value": Object {
        "fieldMap": Object {
          "where": [Function],
        },
        "isList": false,
        "isNullable": false,
        "isOptional": false,
        "kind": "object",
        "type": [Function],
      },
    },
    "deleteOneModel2": Object {
      "build": [Function],
      "default": [Function],
      "edit": [Function],
      "list": [Function],
      "nullable": [Function],
      "nullish": [Function],
      "optional": [Function],
      "validation": [Function],
      "value": Object {
        "fieldMap": Object {
          "where": [Function],
        },
        "isList": false,
        "isNullable": false,
        "isOptional": false,
        "kind": "object",
        "type": [Function],
      },
    },
    "deleteOneModel3": Object {
      "build": [Function],
      "default": [Function],
      "edit": [Function],
      "list": [Function],
      "nullable": [Function],
      "nullish": [Function],
      "optional": [Function],
      "validation": [Function],
      "value": Object {
        "fieldMap": Object {
          "where": [Function],
        },
        "isList": false,
        "isNullable": false,
        "isOptional": false,
        "kind": "object",
        "type": [Function],
      },
    },
    "executeRaw": Object {
      "build": [Function],
      "default": [Function],
      "edit": [Function],
      "list": [Function],
      "nullable": [Function],
      "nullish": [Function],
      "optional": [Function],
      "validation": [Function],
      "value": Object {
        "fieldMap": Object {
          "parameters": Object {
            "__type": undefined,
            "default": [Function],
            "list": [Function],
            "nullable": [Function],
            "nullish": [Function],
            "optional": [Function],
            "validation": [Function],
            "value": Object {
              "isList": false,
              "isNullable": false,
              "isOptional": true,
              "kind": "scalar",
              "type": "json",
            },
          },
          "query": Object {
            "__type": undefined,
            "default": [Function],
            "list": [Function],
            "nullable": [Function],
            "nullish": [Function],
            "optional": [Function],
            "validation": [Function],
            "value": Object {
              "isList": false,
              "isNullable": false,
              "isOptional": false,
              "kind": "scalar",
              "type": "string",
            },
          },
        },
        "isList": false,
        "isNullable": false,
        "isOptional": false,
        "kind": "object",
        "type": [Function],
      },
    },
    "findFirstModel1": Object {
      "build": [Function],
      "default": [Function],
      "edit": [Function],
      "list": [Function],
      "nullable": [Function],
      "nullish": [Function],
      "optional": [Function],
      "validation": [Function],
      "value": Object {
        "fieldMap": Object {
          "cursor": [Function],
          "distinct": Object {
            "__type": undefined,
            "default": [Function],
            "list": [Function],
            "nullable": [Function],
            "nullish": [Function],
            "optional": [Function],
            "validation": [Function],
            "value": Object {
              "isList": true,
              "isNullable": false,
              "isOptional": true,
              "kind": "enum",
              "type": Object {
                "kind": "enum",
                "name": "Model1ScalarFieldEnum",
                "values": Array [
                  "id",
                  "string",
                  "json",
                  "int",
                  "float",
                  "boolean",
                  "bigInt",
                  "dateTime",
                  "bytes",
                  "decimal",
                  "nullable",
                  "list",
                  "enum",
                  "enumList",
                  "enumNullable",
                ],
              },
            },
          },
          "orderBy": Object {
            "select": [Function],
            "value": Object {
              "factoryMap": Object {
                "Model1OrderByWithRelationInput": [Function],
                "Model1OrderByWithRelationInputList": [Function],
                "__default": [Function],
              },
            },
          },
          "skip": Object {
            "__type": undefined,
            "default": [Function],
            "list": [Function],
            "nullable": [Function],
            "nullish": [Function],
            "optional": [Function],
            "validation": [Function],
            "value": Object {
              "isList": false,
              "isNullable": false,
              "isOptional": true,
              "kind": "scalar",
              "type": "int",
            },
          },
          "take": Object {
            "__type": undefined,
            "default": [Function],
            "list": [Function],
            "nullable": [Function],
            "nullish": [Function],
            "optional": [Function],
            "validation": [Function],
            "value": Object {
              "isList": false,
              "isNullable": false,
              "isOptional": true,
              "kind": "scalar",
              "type": "int",
            },
          },
          "where": [Function],
        },
        "isList": false,
        "isNullable": false,
        "isOptional": false,
        "kind": "object",
        "type": [Function],
      },
    },
    "findFirstModel2": Object {
      "build": [Function],
      "default": [Function],
      "edit": [Function],
      "list": [Function],
      "nullable": [Function],
      "nullish": [Function],
      "optional": [Function],
      "validation": [Function],
      "value": Object {
        "fieldMap": Object {
          "cursor": [Function],
          "distinct": Object {
            "__type": undefined,
            "default": [Function],
            "list": [Function],
            "nullable": [Function],
            "nullish": [Function],
            "optional": [Function],
            "validation": [Function],
            "value": Object {
              "isList": true,
              "isNullable": false,
              "isOptional": true,
              "kind": "enum",
              "type": Object {
                "kind": "enum",
                "name": "Model2ScalarFieldEnum",
                "values": Array [
                  "id",
                  "model1Id",
                ],
              },
            },
          },
          "orderBy": Object {
            "select": [Function],
            "value": Object {
              "factoryMap": Object {
                "Model2OrderByWithRelationInput": [Function],
                "Model2OrderByWithRelationInputList": [Function],
                "__default": [Function],
              },
            },
          },
          "skip": Object {
            "__type": undefined,
            "default": [Function],
            "list": [Function],
            "nullable": [Function],
            "nullish": [Function],
            "optional": [Function],
            "validation": [Function],
            "value": Object {
              "isList": false,
              "isNullable": false,
              "isOptional": true,
              "kind": "scalar",
              "type": "int",
            },
          },
          "take": Object {
            "__type": undefined,
            "default": [Function],
            "list": [Function],
            "nullable": [Function],
            "nullish": [Function],
            "optional": [Function],
            "validation": [Function],
            "value": Object {
              "isList": false,
              "isNullable": false,
              "isOptional": true,
              "kind": "scalar",
              "type": "int",
            },
          },
          "where": [Function],
        },
        "isList": false,
        "isNullable": false,
        "isOptional": false,
        "kind": "object",
        "type": [Function],
      },
    },
    "findFirstModel3": Object {
      "build": [Function],
      "default": [Function],
      "edit": [Function],
      "list": [Function],
      "nullable": [Function],
      "nullish": [Function],
      "optional": [Function],
      "validation": [Function],
      "value": Object {
        "fieldMap": Object {
          "cursor": [Function],
          "distinct": Object {
            "__type": undefined,
            "default": [Function],
            "list": [Function],
            "nullable": [Function],
            "nullish": [Function],
            "optional": [Function],
            "validation": [Function],
            "value": Object {
              "isList": true,
              "isNullable": false,
              "isOptional": true,
              "kind": "enum",
              "type": Object {
                "kind": "enum",
                "name": "Model3ScalarFieldEnum",
                "values": Array [
                  "id",
                  "model1Id",
                ],
              },
            },
          },
          "orderBy": Object {
            "select": [Function],
            "value": Object {
              "factoryMap": Object {
                "Model3OrderByWithRelationInput": [Function],
                "Model3OrderByWithRelationInputList": [Function],
                "__default": [Function],
              },
            },
          },
          "skip": Object {
            "__type": undefined,
            "default": [Function],
            "list": [Function],
            "nullable": [Function],
            "nullish": [Function],
            "optional": [Function],
            "validation": [Function],
            "value": Object {
              "isList": false,
              "isNullable": false,
              "isOptional": true,
              "kind": "scalar",
              "type": "int",
            },
          },
          "take": Object {
            "__type": undefined,
            "default": [Function],
            "list": [Function],
            "nullable": [Function],
            "nullish": [Function],
            "optional": [Function],
            "validation": [Function],
            "value": Object {
              "isList": false,
              "isNullable": false,
              "isOptional": true,
              "kind": "scalar",
              "type": "int",
            },
          },
          "where": [Function],
        },
        "isList": false,
        "isNullable": false,
        "isOptional": false,
        "kind": "object",
        "type": [Function],
      },
    },
    "findManyModel1": Object {
      "build": [Function],
      "default": [Function],
      "edit": [Function],
      "list": [Function],
      "nullable": [Function],
      "nullish": [Function],
      "optional": [Function],
      "validation": [Function],
      "value": Object {
        "fieldMap": Object {
          "cursor": [Function],
          "distinct": Object {
            "__type": undefined,
            "default": [Function],
            "list": [Function],
            "nullable": [Function],
            "nullish": [Function],
            "optional": [Function],
            "validation": [Function],
            "value": Object {
              "isList": true,
              "isNullable": false,
              "isOptional": true,
              "kind": "enum",
              "type": Object {
                "kind": "enum",
                "name": "Model1ScalarFieldEnum",
                "values": Array [
                  "id",
                  "string",
                  "json",
                  "int",
                  "float",
                  "boolean",
                  "bigInt",
                  "dateTime",
                  "bytes",
                  "decimal",
                  "nullable",
                  "list",
                  "enum",
                  "enumList",
                  "enumNullable",
                ],
              },
            },
          },
          "orderBy": Object {
            "select": [Function],
            "value": Object {
              "factoryMap": Object {
                "Model1OrderByWithRelationInput": [Function],
                "Model1OrderByWithRelationInputList": [Function],
                "__default": [Function],
              },
            },
          },
          "skip": Object {
            "__type": undefined,
            "default": [Function],
            "list": [Function],
            "nullable": [Function],
            "nullish": [Function],
            "optional": [Function],
            "validation": [Function],
            "value": Object {
              "isList": false,
              "isNullable": false,
              "isOptional": true,
              "kind": "scalar",
              "type": "int",
            },
          },
          "take": Object {
            "__type": undefined,
            "default": [Function],
            "list": [Function],
            "nullable": [Function],
            "nullish": [Function],
            "optional": [Function],
            "validation": [Function],
            "value": Object {
              "isList": false,
              "isNullable": false,
              "isOptional": true,
              "kind": "scalar",
              "type": "int",
            },
          },
          "where": [Function],
        },
        "isList": false,
        "isNullable": false,
        "isOptional": false,
        "kind": "object",
        "type": [Function],
      },
    },
    "findManyModel2": Object {
      "build": [Function],
      "default": [Function],
      "edit": [Function],
      "list": [Function],
      "nullable": [Function],
      "nullish": [Function],
      "optional": [Function],
      "validation": [Function],
      "value": Object {
        "fieldMap": Object {
          "cursor": [Function],
          "distinct": Object {
            "__type": undefined,
            "default": [Function],
            "list": [Function],
            "nullable": [Function],
            "nullish": [Function],
            "optional": [Function],
            "validation": [Function],
            "value": Object {
              "isList": true,
              "isNullable": false,
              "isOptional": true,
              "kind": "enum",
              "type": Object {
                "kind": "enum",
                "name": "Model2ScalarFieldEnum",
                "values": Array [
                  "id",
                  "model1Id",
                ],
              },
            },
          },
          "orderBy": Object {
            "select": [Function],
            "value": Object {
              "factoryMap": Object {
                "Model2OrderByWithRelationInput": [Function],
                "Model2OrderByWithRelationInputList": [Function],
                "__default": [Function],
              },
            },
          },
          "skip": Object {
            "__type": undefined,
            "default": [Function],
            "list": [Function],
            "nullable": [Function],
            "nullish": [Function],
            "optional": [Function],
            "validation": [Function],
            "value": Object {
              "isList": false,
              "isNullable": false,
              "isOptional": true,
              "kind": "scalar",
              "type": "int",
            },
          },
          "take": Object {
            "__type": undefined,
            "default": [Function],
            "list": [Function],
            "nullable": [Function],
            "nullish": [Function],
            "optional": [Function],
            "validation": [Function],
            "value": Object {
              "isList": false,
              "isNullable": false,
              "isOptional": true,
              "kind": "scalar",
              "type": "int",
            },
          },
          "where": [Function],
        },
        "isList": false,
        "isNullable": false,
        "isOptional": false,
        "kind": "object",
        "type": [Function],
      },
    },
    "findManyModel3": Object {
      "build": [Function],
      "default": [Function],
      "edit": [Function],
      "list": [Function],
      "nullable": [Function],
      "nullish": [Function],
      "optional": [Function],
      "validation": [Function],
      "value": Object {
        "fieldMap": Object {
          "cursor": [Function],
          "distinct": Object {
            "__type": undefined,
            "default": [Function],
            "list": [Function],
            "nullable": [Function],
            "nullish": [Function],
            "optional": [Function],
            "validation": [Function],
            "value": Object {
              "isList": true,
              "isNullable": false,
              "isOptional": true,
              "kind": "enum",
              "type": Object {
                "kind": "enum",
                "name": "Model3ScalarFieldEnum",
                "values": Array [
                  "id",
                  "model1Id",
                ],
              },
            },
          },
          "orderBy": Object {
            "select": [Function],
            "value": Object {
              "factoryMap": Object {
                "Model3OrderByWithRelationInput": [Function],
                "Model3OrderByWithRelationInputList": [Function],
                "__default": [Function],
              },
            },
          },
          "skip": Object {
            "__type": undefined,
            "default": [Function],
            "list": [Function],
            "nullable": [Function],
            "nullish": [Function],
            "optional": [Function],
            "validation": [Function],
            "value": Object {
              "isList": false,
              "isNullable": false,
              "isOptional": true,
              "kind": "scalar",
              "type": "int",
            },
          },
          "take": Object {
            "__type": undefined,
            "default": [Function],
            "list": [Function],
            "nullable": [Function],
            "nullish": [Function],
            "optional": [Function],
            "validation": [Function],
            "value": Object {
              "isList": false,
              "isNullable": false,
              "isOptional": true,
              "kind": "scalar",
              "type": "int",
            },
          },
          "where": [Function],
        },
        "isList": false,
        "isNullable": false,
        "isOptional": false,
        "kind": "object",
        "type": [Function],
      },
    },
    "findUniqueModel1": Object {
      "build": [Function],
      "default": [Function],
      "edit": [Function],
      "list": [Function],
      "nullable": [Function],
      "nullish": [Function],
      "optional": [Function],
      "validation": [Function],
      "value": Object {
        "fieldMap": Object {
          "where": [Function],
        },
        "isList": false,
        "isNullable": false,
        "isOptional": false,
        "kind": "object",
        "type": [Function],
      },
    },
    "findUniqueModel2": Object {
      "build": [Function],
      "default": [Function],
      "edit": [Function],
      "list": [Function],
      "nullable": [Function],
      "nullish": [Function],
      "optional": [Function],
      "validation": [Function],
      "value": Object {
        "fieldMap": Object {
          "where": [Function],
        },
        "isList": false,
        "isNullable": false,
        "isOptional": false,
        "kind": "object",
        "type": [Function],
      },
    },
    "findUniqueModel3": Object {
      "build": [Function],
      "default": [Function],
      "edit": [Function],
      "list": [Function],
      "nullable": [Function],
      "nullish": [Function],
      "optional": [Function],
      "validation": [Function],
      "value": Object {
        "fieldMap": Object {
          "where": [Function],
        },
        "isList": false,
        "isNullable": false,
        "isOptional": false,
        "kind": "object",
        "type": [Function],
      },
    },
    "groupByModel1": Object {
      "build": [Function],
      "default": [Function],
      "edit": [Function],
      "list": [Function],
      "nullable": [Function],
      "nullish": [Function],
      "optional": [Function],
      "validation": [Function],
      "value": Object {
        "fieldMap": Object {
          "by": Object {
            "select": [Function],
            "value": Object {
              "factoryMap": Object {
                "Model1ScalarFieldEnum": Object {
                  "__type": undefined,
                  "default": [Function],
                  "list": [Function],
                  "nullable": [Function],
                  "nullish": [Function],
                  "optional": [Function],
                  "validation": [Function],
                  "value": Object {
                    "isList": false,
                    "isNullable": false,
                    "isOptional": false,
                    "kind": "enum",
                    "type": Object {
                      "kind": "enum",
                      "name": "Model1ScalarFieldEnum",
                      "values": Array [
                        "id",
                        "string",
                        "json",
                        "int",
                        "float",
                        "boolean",
                        "bigInt",
                        "dateTime",
                        "bytes",
                        "decimal",
                        "nullable",
                        "list",
                        "enum",
                        "enumList",
                        "enumNullable",
                      ],
                    },
                  },
                },
                "Model1ScalarFieldEnumList": Object {
                  "__type": undefined,
                  "default": [Function],
                  "list": [Function],
                  "nullable": [Function],
                  "nullish": [Function],
                  "optional": [Function],
                  "validation": [Function],
                  "value": Object {
                    "isList": true,
                    "isNullable": false,
                    "isOptional": false,
                    "kind": "enum",
                    "type": Object {
                      "kind": "enum",
                      "name": "Model1ScalarFieldEnum",
                      "values": Array [
                        "id",
                        "string",
                        "json",
                        "int",
                        "float",
                        "boolean",
                        "bigInt",
                        "dateTime",
                        "bytes",
                        "decimal",
                        "nullable",
                        "list",
                        "enum",
                        "enumList",
                        "enumNullable",
                      ],
                    },
                  },
                },
                "__default": Object {
                  "__type": undefined,
                  "default": [Function],
                  "list": [Function],
                  "nullable": [Function],
                  "nullish": [Function],
                  "optional": [Function],
                  "validation": [Function],
                  "value": Object {
                    "isList": false,
                    "isNullable": false,
                    "isOptional": false,
                    "kind": "enum",
                    "type": Object {
                      "kind": "enum",
                      "name": "Model1ScalarFieldEnum",
                      "values": Array [
                        "id",
                        "string",
                        "json",
                        "int",
                        "float",
                        "boolean",
                        "bigInt",
                        "dateTime",
                        "bytes",
                        "decimal",
                        "nullable",
                        "list",
                        "enum",
                        "enumList",
                        "enumNullable",
                      ],
                    },
                  },
                },
              },
            },
          },
          "having": [Function],
          "orderBy": Object {
            "select": [Function],
            "value": Object {
              "factoryMap": Object {
                "Model1OrderByWithAggregationInput": [Function],
                "Model1OrderByWithAggregationInputList": [Function],
                "__default": [Function],
              },
            },
          },
          "skip": Object {
            "__type": undefined,
            "default": [Function],
            "list": [Function],
            "nullable": [Function],
            "nullish": [Function],
            "optional": [Function],
            "validation": [Function],
            "value": Object {
              "isList": false,
              "isNullable": false,
              "isOptional": true,
              "kind": "scalar",
              "type": "int",
            },
          },
          "take": Object {
            "__type": undefined,
            "default": [Function],
            "list": [Function],
            "nullable": [Function],
            "nullish": [Function],
            "optional": [Function],
            "validation": [Function],
            "value": Object {
              "isList": false,
              "isNullable": false,
              "isOptional": true,
              "kind": "scalar",
              "type": "int",
            },
          },
          "where": [Function],
        },
        "isList": false,
        "isNullable": false,
        "isOptional": false,
        "kind": "object",
        "type": [Function],
      },
    },
    "groupByModel2": Object {
      "build": [Function],
      "default": [Function],
      "edit": [Function],
      "list": [Function],
      "nullable": [Function],
      "nullish": [Function],
      "optional": [Function],
      "validation": [Function],
      "value": Object {
        "fieldMap": Object {
          "by": Object {
            "select": [Function],
            "value": Object {
              "factoryMap": Object {
                "Model2ScalarFieldEnum": Object {
                  "__type": undefined,
                  "default": [Function],
                  "list": [Function],
                  "nullable": [Function],
                  "nullish": [Function],
                  "optional": [Function],
                  "validation": [Function],
                  "value": Object {
                    "isList": false,
                    "isNullable": false,
                    "isOptional": false,
                    "kind": "enum",
                    "type": Object {
                      "kind": "enum",
                      "name": "Model2ScalarFieldEnum",
                      "values": Array [
                        "id",
                        "model1Id",
                      ],
                    },
                  },
                },
                "Model2ScalarFieldEnumList": Object {
                  "__type": undefined,
                  "default": [Function],
                  "list": [Function],
                  "nullable": [Function],
                  "nullish": [Function],
                  "optional": [Function],
                  "validation": [Function],
                  "value": Object {
                    "isList": true,
                    "isNullable": false,
                    "isOptional": false,
                    "kind": "enum",
                    "type": Object {
                      "kind": "enum",
                      "name": "Model2ScalarFieldEnum",
                      "values": Array [
                        "id",
                        "model1Id",
                      ],
                    },
                  },
                },
                "__default": Object {
                  "__type": undefined,
                  "default": [Function],
                  "list": [Function],
                  "nullable": [Function],
                  "nullish": [Function],
                  "optional": [Function],
                  "validation": [Function],
                  "value": Object {
                    "isList": false,
                    "isNullable": false,
                    "isOptional": false,
                    "kind": "enum",
                    "type": Object {
                      "kind": "enum",
                      "name": "Model2ScalarFieldEnum",
                      "values": Array [
                        "id",
                        "model1Id",
                      ],
                    },
                  },
                },
              },
            },
          },
          "having": [Function],
          "orderBy": Object {
            "select": [Function],
            "value": Object {
              "factoryMap": Object {
                "Model2OrderByWithAggregationInput": [Function],
                "Model2OrderByWithAggregationInputList": [Function],
                "__default": [Function],
              },
            },
          },
          "skip": Object {
            "__type": undefined,
            "default": [Function],
            "list": [Function],
            "nullable": [Function],
            "nullish": [Function],
            "optional": [Function],
            "validation": [Function],
            "value": Object {
              "isList": false,
              "isNullable": false,
              "isOptional": true,
              "kind": "scalar",
              "type": "int",
            },
          },
          "take": Object {
            "__type": undefined,
            "default": [Function],
            "list": [Function],
            "nullable": [Function],
            "nullish": [Function],
            "optional": [Function],
            "validation": [Function],
            "value": Object {
              "isList": false,
              "isNullable": false,
              "isOptional": true,
              "kind": "scalar",
              "type": "int",
            },
          },
          "where": [Function],
        },
        "isList": false,
        "isNullable": false,
        "isOptional": false,
        "kind": "object",
        "type": [Function],
      },
    },
    "groupByModel3": Object {
      "build": [Function],
      "default": [Function],
      "edit": [Function],
      "list": [Function],
      "nullable": [Function],
      "nullish": [Function],
      "optional": [Function],
      "validation": [Function],
      "value": Object {
        "fieldMap": Object {
          "by": Object {
            "select": [Function],
            "value": Object {
              "factoryMap": Object {
                "Model3ScalarFieldEnum": Object {
                  "__type": undefined,
                  "default": [Function],
                  "list": [Function],
                  "nullable": [Function],
                  "nullish": [Function],
                  "optional": [Function],
                  "validation": [Function],
                  "value": Object {
                    "isList": false,
                    "isNullable": false,
                    "isOptional": false,
                    "kind": "enum",
                    "type": Object {
                      "kind": "enum",
                      "name": "Model3ScalarFieldEnum",
                      "values": Array [
                        "id",
                        "model1Id",
                      ],
                    },
                  },
                },
                "Model3ScalarFieldEnumList": Object {
                  "__type": undefined,
                  "default": [Function],
                  "list": [Function],
                  "nullable": [Function],
                  "nullish": [Function],
                  "optional": [Function],
                  "validation": [Function],
                  "value": Object {
                    "isList": true,
                    "isNullable": false,
                    "isOptional": false,
                    "kind": "enum",
                    "type": Object {
                      "kind": "enum",
                      "name": "Model3ScalarFieldEnum",
                      "values": Array [
                        "id",
                        "model1Id",
                      ],
                    },
                  },
                },
                "__default": Object {
                  "__type": undefined,
                  "default": [Function],
                  "list": [Function],
                  "nullable": [Function],
                  "nullish": [Function],
                  "optional": [Function],
                  "validation": [Function],
                  "value": Object {
                    "isList": false,
                    "isNullable": false,
                    "isOptional": false,
                    "kind": "enum",
                    "type": Object {
                      "kind": "enum",
                      "name": "Model3ScalarFieldEnum",
                      "values": Array [
                        "id",
                        "model1Id",
                      ],
                    },
                  },
                },
              },
            },
          },
          "having": [Function],
          "orderBy": Object {
            "select": [Function],
            "value": Object {
              "factoryMap": Object {
                "Model3OrderByWithAggregationInput": [Function],
                "Model3OrderByWithAggregationInputList": [Function],
                "__default": [Function],
              },
            },
          },
          "skip": Object {
            "__type": undefined,
            "default": [Function],
            "list": [Function],
            "nullable": [Function],
            "nullish": [Function],
            "optional": [Function],
            "validation": [Function],
            "value": Object {
              "isList": false,
              "isNullable": false,
              "isOptional": true,
              "kind": "scalar",
              "type": "int",
            },
          },
          "take": Object {
            "__type": undefined,
            "default": [Function],
            "list": [Function],
            "nullable": [Function],
            "nullish": [Function],
            "optional": [Function],
            "validation": [Function],
            "value": Object {
              "isList": false,
              "isNullable": false,
              "isOptional": true,
              "kind": "scalar",
              "type": "int",
            },
          },
          "where": [Function],
        },
        "isList": false,
        "isNullable": false,
        "isOptional": false,
        "kind": "object",
        "type": [Function],
      },
    },
    "queryRaw": Object {
      "build": [Function],
      "default": [Function],
      "edit": [Function],
      "list": [Function],
      "nullable": [Function],
      "nullish": [Function],
      "optional": [Function],
      "validation": [Function],
      "value": Object {
        "fieldMap": Object {
          "parameters": Object {
            "__type": undefined,
            "default": [Function],
            "list": [Function],
            "nullable": [Function],
            "nullish": [Function],
            "optional": [Function],
            "validation": [Function],
            "value": Object {
              "isList": false,
              "isNullable": false,
              "isOptional": true,
              "kind": "scalar",
              "type": "json",
            },
          },
          "query": Object {
            "__type": undefined,
            "default": [Function],
            "list": [Function],
            "nullable": [Function],
            "nullish": [Function],
            "optional": [Function],
            "validation": [Function],
            "value": Object {
              "isList": false,
              "isNullable": false,
              "isOptional": false,
              "kind": "scalar",
              "type": "string",
            },
          },
        },
        "isList": false,
        "isNullable": false,
        "isOptional": false,
        "kind": "object",
        "type": [Function],
      },
    },
    "updateManyModel1": Object {
      "build": [Function],
      "default": [Function],
      "edit": [Function],
      "list": [Function],
      "nullable": [Function],
      "nullish": [Function],
      "optional": [Function],
      "validation": [Function],
      "value": Object {
        "fieldMap": Object {
          "data": Object {
            "select": [Function],
            "value": Object {
              "factoryMap": Object {
                "Model1UncheckedUpdateManyInput": [Function],
                "Model1UpdateManyMutationInput": [Function],
                "__default": [Function],
              },
            },
          },
          "where": [Function],
        },
        "isList": false,
        "isNullable": false,
        "isOptional": false,
        "kind": "object",
        "type": [Function],
      },
    },
    "updateManyModel2": Object {
      "build": [Function],
      "default": [Function],
      "edit": [Function],
      "list": [Function],
      "nullable": [Function],
      "nullish": [Function],
      "optional": [Function],
      "validation": [Function],
      "value": Object {
        "fieldMap": Object {
          "data": Object {
            "select": [Function],
            "value": Object {
              "factoryMap": Object {
                "Model2UncheckedUpdateManyInput": [Function],
                "Model2UpdateManyMutationInput": [Function],
                "__default": [Function],
              },
            },
          },
          "where": [Function],
        },
        "isList": false,
        "isNullable": false,
        "isOptional": false,
        "kind": "object",
        "type": [Function],
      },
    },
    "updateManyModel3": Object {
      "build": [Function],
      "default": [Function],
      "edit": [Function],
      "list": [Function],
      "nullable": [Function],
      "nullish": [Function],
      "optional": [Function],
      "validation": [Function],
      "value": Object {
        "fieldMap": Object {
          "data": Object {
            "select": [Function],
            "value": Object {
              "factoryMap": Object {
                "Model3UncheckedUpdateManyInput": [Function],
                "Model3UpdateManyMutationInput": [Function],
                "__default": [Function],
              },
            },
          },
          "where": [Function],
        },
        "isList": false,
        "isNullable": false,
        "isOptional": false,
        "kind": "object",
        "type": [Function],
      },
    },
    "updateOneModel1": Object {
      "build": [Function],
      "default": [Function],
      "edit": [Function],
      "list": [Function],
      "nullable": [Function],
      "nullish": [Function],
      "optional": [Function],
      "validation": [Function],
      "value": Object {
        "fieldMap": Object {
          "data": Object {
            "select": [Function],
            "value": Object {
              "factoryMap": Object {
                "Model1UncheckedUpdateInput": [Function],
                "Model1UpdateInput": [Function],
                "__default": [Function],
              },
            },
          },
          "where": [Function],
        },
        "isList": false,
        "isNullable": false,
        "isOptional": false,
        "kind": "object",
        "type": [Function],
      },
    },
    "updateOneModel2": Object {
      "build": [Function],
      "default": [Function],
      "edit": [Function],
      "list": [Function],
      "nullable": [Function],
      "nullish": [Function],
      "optional": [Function],
      "validation": [Function],
      "value": Object {
        "fieldMap": Object {
          "data": Object {
            "select": [Function],
            "value": Object {
              "factoryMap": Object {
                "Model2UncheckedUpdateInput": [Function],
                "Model2UpdateInput": [Function],
                "__default": [Function],
              },
            },
          },
          "where": [Function],
        },
        "isList": false,
        "isNullable": false,
        "isOptional": false,
        "kind": "object",
        "type": [Function],
      },
    },
    "updateOneModel3": Object {
      "build": [Function],
      "default": [Function],
      "edit": [Function],
      "list": [Function],
      "nullable": [Function],
      "nullish": [Function],
      "optional": [Function],
      "validation": [Function],
      "value": Object {
        "fieldMap": Object {
          "data": Object {
            "select": [Function],
            "value": Object {
              "factoryMap": Object {
                "Model3UncheckedUpdateInput": [Function],
                "Model3UpdateInput": [Function],
                "__default": [Function],
              },
            },
          },
          "where": [Function],
        },
        "isList": false,
        "isNullable": false,
        "isOptional": false,
        "kind": "object",
        "type": [Function],
      },
    },
    "upsertOneModel1": Object {
      "build": [Function],
      "default": [Function],
      "edit": [Function],
      "list": [Function],
      "nullable": [Function],
      "nullish": [Function],
      "optional": [Function],
      "validation": [Function],
      "value": Object {
        "fieldMap": Object {
          "create": Object {
            "select": [Function],
            "value": Object {
              "factoryMap": Object {
                "Model1CreateInput": [Function],
                "Model1UncheckedCreateInput": [Function],
                "__default": [Function],
              },
            },
          },
          "update": Object {
            "select": [Function],
            "value": Object {
              "factoryMap": Object {
                "Model1UncheckedUpdateInput": [Function],
                "Model1UpdateInput": [Function],
                "__default": [Function],
              },
            },
          },
          "where": [Function],
        },
        "isList": false,
        "isNullable": false,
        "isOptional": false,
        "kind": "object",
        "type": [Function],
      },
    },
    "upsertOneModel2": Object {
      "build": [Function],
      "default": [Function],
      "edit": [Function],
      "list": [Function],
      "nullable": [Function],
      "nullish": [Function],
      "optional": [Function],
      "validation": [Function],
      "value": Object {
        "fieldMap": Object {
          "create": Object {
            "select": [Function],
            "value": Object {
              "factoryMap": Object {
                "Model2CreateInput": [Function],
                "Model2UncheckedCreateInput": [Function],
                "__default": [Function],
              },
            },
          },
          "update": Object {
            "select": [Function],
            "value": Object {
              "factoryMap": Object {
                "Model2UncheckedUpdateInput": [Function],
                "Model2UpdateInput": [Function],
                "__default": [Function],
              },
            },
          },
          "where": [Function],
        },
        "isList": false,
        "isNullable": false,
        "isOptional": false,
        "kind": "object",
        "type": [Function],
      },
    },
    "upsertOneModel3": Object {
      "build": [Function],
      "default": [Function],
      "edit": [Function],
      "list": [Function],
      "nullable": [Function],
      "nullish": [Function],
      "optional": [Function],
      "validation": [Function],
      "value": Object {
        "fieldMap": Object {
          "create": Object {
            "select": [Function],
            "value": Object {
              "factoryMap": Object {
                "Model3CreateInput": [Function],
                "Model3UncheckedCreateInput": [Function],
                "__default": [Function],
              },
            },
          },
          "update": Object {
            "select": [Function],
            "value": Object {
              "factoryMap": Object {
                "Model3UncheckedUpdateInput": [Function],
                "Model3UpdateInput": [Function],
                "__default": [Function],
              },
            },
          },
          "where": [Function],
        },
        "isList": false,
        "isNullable": false,
        "isOptional": false,
        "kind": "object",
        "type": [Function],
      },
    },
  },
  "objects": Object {
    "Model1": Object {
      "copy": [Function],
      "fieldMap": Object {
        "bigInt": Object {
          "__type": undefined,
          "args": [Function],
          "auth": [Function],
          "list": [Function],
          "nullable": [Function],
          "prismaArgs": [Function],
          "relay": [Function],
          "relayArgs": [Function],
          "relayCursor": [Function],
          "relayOrderBy": [Function],
          "relayTotalCount": [Function],
          "resolve": [Function],
          "subscribe": [Function],
          "value": Object {
            "isList": false,
            "isNullable": false,
            "isOptional": false,
            "kind": "scalar",
            "type": "bigInt",
          },
        },
        "boolean": Object {
          "__type": undefined,
          "args": [Function],
          "auth": [Function],
          "list": [Function],
          "nullable": [Function],
          "prismaArgs": [Function],
          "relay": [Function],
          "relayArgs": [Function],
          "relayCursor": [Function],
          "relayOrderBy": [Function],
          "relayTotalCount": [Function],
          "resolve": [Function],
          "subscribe": [Function],
          "value": Object {
            "isList": false,
            "isNullable": false,
            "isOptional": false,
            "kind": "scalar",
            "type": "boolean",
          },
        },
        "bytes": Object {
          "__type": undefined,
          "args": [Function],
          "auth": [Function],
          "list": [Function],
          "nullable": [Function],
          "prismaArgs": [Function],
          "relay": [Function],
          "relayArgs": [Function],
          "relayCursor": [Function],
          "relayOrderBy": [Function],
          "relayTotalCount": [Function],
          "resolve": [Function],
          "subscribe": [Function],
          "value": Object {
            "isList": false,
            "isNullable": false,
            "isOptional": false,
            "kind": "scalar",
            "type": "bytes",
          },
        },
        "dateTime": Object {
          "__type": undefined,
          "args": [Function],
          "auth": [Function],
          "list": [Function],
          "nullable": [Function],
          "prismaArgs": [Function],
          "relay": [Function],
          "relayArgs": [Function],
          "relayCursor": [Function],
          "relayOrderBy": [Function],
          "relayTotalCount": [Function],
          "resolve": [Function],
          "subscribe": [Function],
          "value": Object {
            "isList": false,
            "isNullable": false,
            "isOptional": false,
            "kind": "scalar",
            "type": "dateTime",
          },
        },
        "decimal": Object {
          "__type": undefined,
          "args": [Function],
          "auth": [Function],
          "list": [Function],
          "nullable": [Function],
          "prismaArgs": [Function],
          "relay": [Function],
          "relayArgs": [Function],
          "relayCursor": [Function],
          "relayOrderBy": [Function],
          "relayTotalCount": [Function],
          "resolve": [Function],
          "subscribe": [Function],
          "value": Object {
            "isList": false,
            "isNullable": false,
            "isOptional": false,
            "kind": "scalar",
            "type": "decimal",
          },
        },
        "enum": Object {
          "__type": undefined,
          "args": [Function],
          "auth": [Function],
          "list": [Function],
          "nullable": [Function],
          "prismaArgs": [Function],
          "relay": [Function],
          "relayArgs": [Function],
          "relayCursor": [Function],
          "relayOrderBy": [Function],
          "relayTotalCount": [Function],
          "resolve": [Function],
          "subscribe": [Function],
          "value": Object {
            "isList": false,
            "isNullable": false,
            "isOptional": false,
            "kind": "enum",
            "type": Object {
              "kind": "enum",
              "name": "SomeEnum",
              "values": Array [
                "AAA",
                "BBB",
                "CCC",
              ],
            },
          },
        },
        "enumList": Object {
          "__type": undefined,
          "args": [Function],
          "auth": [Function],
          "list": [Function],
          "nullable": [Function],
          "prismaArgs": [Function],
          "relay": [Function],
          "relayArgs": [Function],
          "relayCursor": [Function],
          "relayOrderBy": [Function],
          "relayTotalCount": [Function],
          "resolve": [Function],
          "subscribe": [Function],
          "value": Object {
            "isList": true,
            "isNullable": false,
            "isOptional": false,
            "kind": "enum",
            "type": Object {
              "kind": "enum",
              "name": "SomeEnum2",
              "values": Array [
                "Aaa",
                "Bbb",
                "Ccc",
              ],
            },
          },
        },
        "enumNullable": Object {
          "__type": undefined,
          "args": [Function],
          "auth": [Function],
          "list": [Function],
          "nullable": [Function],
          "prismaArgs": [Function],
          "relay": [Function],
          "relayArgs": [Function],
          "relayCursor": [Function],
          "relayOrderBy": [Function],
          "relayTotalCount": [Function],
          "resolve": [Function],
          "subscribe": [Function],
          "value": Object {
            "isList": false,
            "isNullable": true,
            "isOptional": true,
            "kind": "enum",
            "type": Object {
              "kind": "enum",
              "name": "SomeEnum3",
              "values": Array [
                "aaa",
                "bbb",
                "ccc",
              ],
            },
          },
        },
        "float": Object {
          "__type": undefined,
          "args": [Function],
          "auth": [Function],
          "list": [Function],
          "nullable": [Function],
          "prismaArgs": [Function],
          "relay": [Function],
          "relayArgs": [Function],
          "relayCursor": [Function],
          "relayOrderBy": [Function],
          "relayTotalCount": [Function],
          "resolve": [Function],
          "subscribe": [Function],
          "value": Object {
            "isList": false,
            "isNullable": false,
            "isOptional": false,
            "kind": "scalar",
            "type": "float",
          },
        },
        "id": Object {
          "__type": undefined,
          "args": [Function],
          "auth": [Function],
          "list": [Function],
          "nullable": [Function],
          "prismaArgs": [Function],
          "relay": [Function],
          "relayArgs": [Function],
          "relayCursor": [Function],
          "relayOrderBy": [Function],
          "relayTotalCount": [Function],
          "resolve": [Function],
          "subscribe": [Function],
          "value": Object {
            "isList": false,
            "isNullable": false,
            "isOptional": false,
            "kind": "scalar",
            "type": "id",
          },
        },
        "int": Object {
          "__type": undefined,
          "args": [Function],
          "auth": [Function],
          "list": [Function],
          "nullable": [Function],
          "prismaArgs": [Function],
          "relay": [Function],
          "relayArgs": [Function],
          "relayCursor": [Function],
          "relayOrderBy": [Function],
          "relayTotalCount": [Function],
          "resolve": [Function],
          "subscribe": [Function],
          "value": Object {
            "isList": false,
            "isNullable": false,
            "isOptional": false,
            "kind": "scalar",
            "type": "int",
          },
        },
        "json": Object {
          "__type": undefined,
          "args": [Function],
          "auth": [Function],
          "list": [Function],
          "nullable": [Function],
          "prismaArgs": [Function],
          "relay": [Function],
          "relayArgs": [Function],
          "relayCursor": [Function],
          "relayOrderBy": [Function],
          "relayTotalCount": [Function],
          "resolve": [Function],
          "subscribe": [Function],
          "value": Object {
            "isList": false,
            "isNullable": false,
            "isOptional": false,
            "kind": "scalar",
            "type": "json",
          },
        },
        "list": Object {
          "__type": undefined,
          "args": [Function],
          "auth": [Function],
          "list": [Function],
          "nullable": [Function],
          "prismaArgs": [Function],
          "relay": [Function],
          "relayArgs": [Function],
          "relayCursor": [Function],
          "relayOrderBy": [Function],
          "relayTotalCount": [Function],
          "resolve": [Function],
          "subscribe": [Function],
          "value": Object {
            "isList": true,
            "isNullable": false,
            "isOptional": false,
            "kind": "scalar",
            "type": "string",
          },
        },
        "nullable": Object {
          "__type": undefined,
          "args": [Function],
          "auth": [Function],
          "list": [Function],
          "nullable": [Function],
          "prismaArgs": [Function],
          "relay": [Function],
          "relayArgs": [Function],
          "relayCursor": [Function],
          "relayOrderBy": [Function],
          "relayTotalCount": [Function],
          "resolve": [Function],
          "subscribe": [Function],
          "value": Object {
            "isList": false,
            "isNullable": true,
            "isOptional": true,
            "kind": "scalar",
            "type": "string",
          },
        },
        "oneToMany": Object {
          "__type": undefined,
          "args": [Function],
          "auth": [Function],
          "list": [Function],
          "nullable": [Function],
          "prismaArgs": [Function],
          "relay": [Function],
          "relayArgs": [Function],
          "relayCursor": [Function],
          "relayOrderBy": [Function],
          "relayTotalCount": [Function],
          "resolve": [Function],
          "subscribe": [Function],
          "value": Object {
            "isList": true,
            "isNullable": false,
            "isOptional": false,
            "isPrismaRelation": true,
            "kind": "object",
            "type": [Function],
          },
        },
        "oneToOne": Object {
          "__type": undefined,
          "args": [Function],
          "auth": [Function],
          "list": [Function],
          "nullable": [Function],
          "prismaArgs": [Function],
          "relay": [Function],
          "relayArgs": [Function],
          "relayCursor": [Function],
          "relayOrderBy": [Function],
          "relayTotalCount": [Function],
          "resolve": [Function],
          "subscribe": [Function],
          "value": Object {
            "isList": false,
            "isNullable": true,
            "isOptional": true,
            "isPrismaRelation": true,
            "kind": "object",
            "type": [Function],
          },
        },
        "string": Object {
          "__type": undefined,
          "args": [Function],
          "auth": [Function],
          "list": [Function],
          "nullable": [Function],
          "prismaArgs": [Function],
          "relay": [Function],
          "relayArgs": [Function],
          "relayCursor": [Function],
          "relayOrderBy": [Function],
          "relayTotalCount": [Function],
          "resolve": [Function],
          "subscribe": [Function],
          "value": Object {
            "isList": false,
            "isNullable": false,
            "isOptional": false,
            "kind": "scalar",
            "type": "string",
          },
        },
      },
      "kind": "object",
      "modify": [Function],
      "name": "Model1",
      "prismaModel": [Function],
      "prismaModelName": "Model1",
      "update": [Function],
    },
    "Model2": Object {
      "copy": [Function],
      "fieldMap": Object {
        "id": Object {
          "__type": undefined,
          "args": [Function],
          "auth": [Function],
          "list": [Function],
          "nullable": [Function],
          "prismaArgs": [Function],
          "relay": [Function],
          "relayArgs": [Function],
          "relayCursor": [Function],
          "relayOrderBy": [Function],
          "relayTotalCount": [Function],
          "resolve": [Function],
          "subscribe": [Function],
          "value": Object {
            "isList": false,
            "isNullable": false,
            "isOptional": false,
            "kind": "scalar",
            "type": "id",
          },
        },
        "model1": Object {
          "__type": undefined,
          "args": [Function],
          "auth": [Function],
          "list": [Function],
          "nullable": [Function],
          "prismaArgs": [Function],
          "relay": [Function],
          "relayArgs": [Function],
          "relayCursor": [Function],
          "relayOrderBy": [Function],
          "relayTotalCount": [Function],
          "resolve": [Function],
          "subscribe": [Function],
          "value": Object {
            "isList": false,
            "isNullable": false,
            "isOptional": false,
            "isPrismaRelation": true,
            "kind": "object",
            "type": [Function],
          },
        },
        "model1Id": Object {
          "__type": undefined,
          "args": [Function],
          "auth": [Function],
          "list": [Function],
          "nullable": [Function],
          "prismaArgs": [Function],
          "relay": [Function],
          "relayArgs": [Function],
          "relayCursor": [Function],
          "relayOrderBy": [Function],
          "relayTotalCount": [Function],
          "resolve": [Function],
          "subscribe": [Function],
          "value": Object {
            "isList": false,
            "isNullable": false,
            "isOptional": false,
            "kind": "scalar",
            "type": "int",
          },
        },
      },
      "kind": "object",
      "modify": [Function],
      "name": "Model2",
      "prismaModel": [Function],
      "prismaModelName": "Model2",
      "update": [Function],
    },
    "Model3": Object {
      "copy": [Function],
      "fieldMap": Object {
        "id": Object {
          "__type": undefined,
          "args": [Function],
          "auth": [Function],
          "list": [Function],
          "nullable": [Function],
          "prismaArgs": [Function],
          "relay": [Function],
          "relayArgs": [Function],
          "relayCursor": [Function],
          "relayOrderBy": [Function],
          "relayTotalCount": [Function],
          "resolve": [Function],
          "subscribe": [Function],
          "value": Object {
            "isList": false,
            "isNullable": false,
            "isOptional": false,
            "kind": "scalar",
            "type": "id",
          },
        },
        "model1": Object {
          "__type": undefined,
          "args": [Function],
          "auth": [Function],
          "list": [Function],
          "nullable": [Function],
          "prismaArgs": [Function],
          "relay": [Function],
          "relayArgs": [Function],
          "relayCursor": [Function],
          "relayOrderBy": [Function],
          "relayTotalCount": [Function],
          "resolve": [Function],
          "subscribe": [Function],
          "value": Object {
            "isList": false,
            "isNullable": false,
            "isOptional": false,
            "isPrismaRelation": true,
            "kind": "object",
            "type": [Function],
          },
        },
        "model1Id": Object {
          "__type": undefined,
          "args": [Function],
          "auth": [Function],
          "list": [Function],
          "nullable": [Function],
          "prismaArgs": [Function],
          "relay": [Function],
          "relayArgs": [Function],
          "relayCursor": [Function],
          "relayOrderBy": [Function],
          "relayTotalCount": [Function],
          "resolve": [Function],
          "subscribe": [Function],
          "value": Object {
            "isList": false,
            "isNullable": false,
            "isOptional": false,
            "kind": "scalar",
            "type": "int",
          },
        },
      },
      "kind": "object",
      "modify": [Function],
      "name": "Model3",
      "prismaModel": [Function],
      "prismaModelName": "Model3",
      "update": [Function],
    },
  },
}
`;
